0001 qo            
0002 qc            
0003 qca           
0004 qes           
0005 qxs           
0006 qst           
0007 qds           
0008 qfe           
0009 qva           
0010 qfa           
0011 qfm           
0012 qfd           
0013 qpa           
0014 qga           
0015 qpm           
0016 qpd           
0017 qgm           
0018 qgd           
0019 qim           
0020 qid           
0021 qinv          
0022 qsave         
0023 qms           
0024 qmw           
0025 qxw           
0026 qxwreg        
0027 qmwreg        
0028 qxwcom        
0029 qmwcom        
0030 qxwwld        
0031 qow           
0032 kb            
0033 ke            
0034 globalcgds    
0035 qtm           
0036 pop           
0037 walras_dem    
0038 walras_sup    
0039 qgdp          
0040 po            
0041 ps            
0042 pca           
0043 pfa           
0044 pfe           
0045 pva           
0046 pfm           
0047 pfd           
0048 ppa           
0049 ppm           
0050 ppd           
0051 pgov          
0052 ppriv         
0053 pga           
0054 pgm           
0055 pgd           
0056 pds           
0057 pia           
0058 pim           
0059 pid           
0060 pmw           
0061 pxw           
0062 pxwreg        
0063 pmwreg        
0064 pxwcom        
0065 pmwcom        
0066 pxwwld        
0067 pw            
0068 peb           
0069 pms           
0070 pmds          
0071 pfob          
0072 pcif          
0073 pt            
0074 rental        
0075 rorc          
0076 rore          
0077 rorg          
0078 psave         
0079 pinv          
0080 psw           
0081 pdw           
0082 tot           
0083 pr            
0084 pgdp          
0085 ao            
0086 afe           
0087 afa           
0088 ava           
0089 to            
0090 txs           
0091 tms           
0092 tm            
0093 tx            
0094 vxwreg        
0095 vmwreg        
0096 vmwcif        
0097 vxwfob        
0098 vxwcom        
0099 vmwcom        
0100 vxwwld        
0101 valuew        
0102 vgdp          
0103 y             
0104 yp            
0105 up            
0106 ug            
0107 u             
0110 EV            
0111 WEV           
0112 del_tbal      
0113 del_tbalc     
0114 del_tbalry    
0115 profitslack   
0116 incomeslack   
0117 endwslack     
0118 cgdslack      
0119 tradslack     
0120 walraslack    
0125 compvalad     
0126 EV_ALT        
0127 WEV_ALT       
0128 psaveslack    
0129 psave         
0130 pfactwld      
0131 pfactreal     
0132 pfactor       
0133 pcgdswld      
0134 uelas         
0135 uepriv        
0136 ueprivev      
0137 yev           
0138 ypev          
0139 ams           
0140 dppriv        
0141 dpgov         
0142 dpsave        
0143 dpav          
0144 dpsum         
0145 au            